[INFO] Scanning for projects...
[INFO] 
[INFO] --------------------< lehoangquan.example:backend >---------------------
[INFO] Building backend 0.0.1-SNAPSHOT
[INFO]   from pom.xml
[INFO] --------------------------------[ jar ]---------------------------------
[INFO] 
[INFO] --- clean:3.5.0:clean (default-clean) @ backend ---
[INFO] Deleting D:\Restaurant\target
[INFO] 
[INFO] --- resources:3.3.1:resources (default-resources) @ backend ---
[INFO] Copying 1 resource from src\main\resources to target\classes
[INFO] Copying 1 resource from src\main\resources to target\classes
[INFO] 
[INFO] --- compiler:3.14.1:compile (default-compile) @ backend ---
[INFO] Recompiling the module because of changed source code.
[INFO] Compiling 41 source files with javac [debug parameters release 21] to target\classes
[INFO] /D:/Restaurant/src/main/java/lehoangquan/example/backend/security/JwtAuthenticationFilter.java: D:\Restaurant\src\main\java\lehoangquan\example\backend\security\JwtAuthenticationFilter.java uses or overrides a deprecated API.
[INFO] /D:/Restaurant/src/main/java/lehoangquan/example/backend/security/JwtAuthenticationFilter.java: Recompile with -Xlint:deprecation for details.
[INFO] 
[INFO] --- resources:3.3.1:testResources (default-testResources) @ backend ---
[INFO] skip non existing resourceDirectory D:\Restaurant\src\test\resources
[INFO] 
[INFO] --- compiler:3.14.1:testCompile (default-testCompile) @ backend ---
[INFO] Recompiling the module because of changed dependency.
[INFO] Compiling 1 source file with javac [debug parameters release 21] to target\test-classes
[INFO] 
[INFO] --- surefire:3.5.4:test (default-test) @ backend ---
[INFO] Tests are skipped.
[INFO] 
[INFO] --- jar:3.4.2:jar (default-jar) @ backend ---
[INFO] Building jar: D:\Restaurant\target\backend-0.0.1-SNAPSHOT.jar
[INFO] 
[INFO] --- spring-boot:4.0.0:repackage (repackage) @ backend ---
[INFO] Replacing main artifact D:\Restaurant\target\backend-0.0.1-SNAPSHOT.jar with repackaged archive, adding nested dependencies in BOOT-INF/.
[INFO] The original artifact has been renamed to D:\Restaurant\target\backend-0.0.1-SNAPSHOT.jar.original
[INFO] ------------------------------------------------------------------------
[INFO] BUILD SUCCESS
[INFO] ------------------------------------------------------------------------
[INFO] Total time:  6.166 s
[INFO] Finished at: 2025-11-29T18:32:10+07:00
[INFO] ------------------------------------------------------------------------
